---
source: tests/ui_snapshot_tests.rs
expression: out
---
"┌──────────────────────┐┌────────────────────────┐"
"│        🏢 Test       ││  Terminal 1     ＋     │" Hidden by multi-width symbols: [(10, " "), (43, " ")]
"└──────────────────────┘└────────────────────────┘"
"┌ Desks ───────────────┐┌ Terminal 1 ────────────┐"
"│ ▶ Narrow             ││                        │"
"│                      ││                        │"
"│                      ││                        │"
"│                      ││                        │"
"│                      ││                        │"
"│                      ││                        │"
"│                      ││                        │"
"│                      ││                        │"
"│                      ││                        │"
"│                      ││                        │"
"│                      ││                        │"
"│                      ││                        │"
"│                      ││                        │"
"│                      ││                        │"
"└──────────────────────┘└────────────────────────┘"
"  Focus:Content    Esc·Esc  Jump   keys→shell     "
